node : Error: 
TypeError: fetch 
failed
At line:1 char:1
+ node tests/test_i
mage_gen.js > 
test_output.txt 
2>&1
+ ~~~~~~~~~~~~~~~~~
~~~~~~~~~~~~~~~~~~~
~~~~~~~~~~~~~~~
    + CategoryInfo 
             : No  
  tSpecified: (E   
 rror: TypeErro    
r: fetch faile    
d:String) [],     
RemoteExceptio    n
    + FullyQualifi 
   edErrorId : Na  
  tiveCommandErr   
 or
 
    at node:interna
l/deps/undici/undic
i:15845:13
    at process.proc
essTicksAndRejectio
ns (node:internal/p
rocess/task_queues:
103:5)
    at async 
testBackend (file:/
//C:/Users/91836/Do
wnloads/Mern-Ai-Pro
jects/Hire-XfinalVe
rdict/tests/test_im
age_gen.js:10:26) {
  [cause]: 
AggregateError 
[ECONNREFUSED]: 
      at internalCo
nnectMultiple 
(node:net:1134:18)
      at afterConne
ctMultiple 
(node:net:1715:7) {
    code: 
'ECONNREFUSED',
    [errors]: [ 
[Error], [Error] ]
  }
}
